// Jest Snapshot v1, https://goo.gl/fbAQLP

exports[`@penguin/core/View renders correctly 1`] = `<View />`;
