// Jest Snapshot v1, https://goo.gl/fbAQLP

exports[`ThemeProvider render correctly 1`] = `null`;
