// Jest Snapshot v1, https://goo.gl/fbAQLP

exports[`@penguin/core/FlatList renders correctly 1`] = `
<RCTScrollView
  data={
    [
      "1",
      "2",
      "3",
    ]
  }
  getItem={[Function]}
  getItemCount={[Function]}
  keyExtractor={[Function]}
  onContentSizeChange={[Function]}
  onLayout={[Function]}
  onMomentumScrollBegin={[Function]}
  onMomentumScrollEnd={[Function]}
  onScroll={[Function]}
  onScrollBeginDrag={[Function]}
  onScrollEndDrag={[Function]}
  removeClippedSubviews={false}
  renderItem={[Function]}
  scrollEventThrottle={0.0001}
  stickyHeaderIndices={[]}
  viewabilityConfigCallbackPairs={[]}
>
  <View>
    <View
      onFocusCapture={[Function]}
      onLayout={[Function]}
      style={null}
    >
      <Text
        allowFontScaling={true}
      >
        1
      </Text>
    </View>
    <View
      onFocusCapture={[Function]}
      onLayout={[Function]}
      style={null}
    >
      <Text
        allowFontScaling={true}
      >
        2
      </Text>
    </View>
    <View
      onFocusCapture={[Function]}
      onLayout={[Function]}
      style={null}
    >
      <Text
        allowFontScaling={true}
      >
        3
      </Text>
    </View>
  </View>
</RCTScrollView>
`;
