// Jest Snapshot v1, https://goo.gl/fbAQLP

exports[`@penguin/core/TextInput renders correctly 1`] = `
<TextInput
  allowFontScaling={true}
/>
`;
